// Vitest Snapshot v1, https://vitest.dev/guide/snapshot.html

exports[`TrafficLight > should render correctly with default props 1`] = `
<div>
  <div
    class="sc-blHHSb kfSbpr"
    data-testid="traffic-light-master"
    style="top: 20px; left: 50%; transform: translateX(-50%);"
  >
    <div
      class="sc-gtLWhw FreFW"
    >
      <div
        class="sc-egkSDF cZsofJ"
        data-testid="red-light"
      />
      <div
        class="sc-egkSDF dlBHlB"
        data-testid="yellow-light"
      />
      <div
        class="sc-egkSDF dlBHlB"
        data-testid="green-light"
      />
      <div
        class="sc-fAUdSK cqjXRm"
        style="top: 100%;"
      >
        ðŸ‘Ÿ
      </div>
    </div>
  </div>
</div>
`;
